{
  "user_name": "takuabon12",
  "password": "test"
}